#
# A fatal error has been detected by the Java Runtime Environment:
#
#  EXCEPTION_ACCESS_VIOLATION (0xc0000005) at pc=0x00007ffcf9142ec3, pid=6112, tid=6856
#
# JRE version: OpenJDK Runtime Environment (17.0.2+8) (build 17.0.2+8-86)
# Java VM: OpenJDK 64-Bit Server VM (17.0.2+8-86, mixed mode, emulated-client, sharing, tiered, compressed oops, compressed class ptrs, g1 gc, windows-amd64)
# Problematic frame:
# V  [jvm.dll+0x382ec3]
#
# No core dump will be written. Minidumps are not enabled by default on client versions of Windows
#
# If you would like to submit a bug report, please visit:
#   https://bugreport.java.com/bugreport/crash.jsp
#

---------------  S U M M A R Y ------------

Command Line: -Dcom.sun.management.jmxremote -Dcom.sun.management.jmxremote.port=50051 -Dcom.sun.management.jmxremote.authenticate=false -Dcom.sun.management.jmxremote.ssl=false -Djava.rmi.server.hostname=localhost -Dspring.jmx.enabled=true -Dspring.application.admin.enabled=true -XX:TieredStopAtLevel=1 -Dspring.boot.project.name=his-restweb -Dfile.encoding=UTF-8 -XX:+ShowCodeDetailsInExceptionMessages com.dev.generik.HisRestwebApplication --spring.output.ansi.enabled=always

Host: Intel(R) Core(TM) i3-2120 CPU @ 3.30GHz, 4 cores, 7G,  Windows 10 , 64 bit Build 19041 (10.0.19041.2364)
Time: Sun Jan  8 09:48:54 2023 SE Asia Standard Time elapsed time: 2083193.598639 seconds (24d 2h 39m 53s)

---------------  T H R E A D  ---------------

Current thread (0x0000017cc5b11a10):  JavaThread "HikariPool-1 connection closer" daemon [_thread_in_vm, id=6856, stack(0x0000005095b00000,0x0000005095c00000)]

Stack: [0x0000005095b00000,0x0000005095c00000],  sp=0x0000005095bff680,  free space=1021k
Native frames: (J=compiled Java code, j=interpreted, Vv=VM code, C=native code)
V  [jvm.dll+0x382ec3]
V  [jvm.dll+0x670ad2]
V  [jvm.dll+0x383b1b]
V  [jvm.dll+0x383da7]
V  [jvm.dll+0x409b21]
V  [jvm.dll+0x7859bb]
V  [jvm.dll+0x77ff7a]
